[    0.000000] Initializing cgroup subsys cpuset
[    0.000000] Initializing cgroup subsys cpu
[    0.000000] Initializing cgroup subsys cpuacct
[    0.000000] Linux version 4.4.0-177-generic (buildd@lgw01-amd64-035) (gcc version 5.4.0 20160609 (Ubuntu 5.4.0-6ubuntu1~16.04.12) ) #207-Ubuntu SMP Mon Mar 16 01:16:10 UTC 2020 (Ubuntu 4.4.0-177.207-generic 4.4.214)
[    0.000000] Command line: BOOT_IMAGE=/boot/vmlinuz-4.4.0-177-generic root=LABEL=cloudimg-rootfs ro console=tty1 console=ttyS0
[    0.000000] KERNEL supported cpus:
[    0.000000]   Intel GenuineIntel
[    0.000000]   AMD AuthenticAMD
[    0.000000]   Centaur CentaurHauls
[    0.000000] x86/fpu: Legacy x87 FPU detected.
[    0.000000] e820: BIOS-provided physical RAM map:
[    0.000000] BIOS-e820: [mem 0x0000000000000000-0x000000000009fbff] usable
[    0.000000] BIOS-e820: [mem 0x000000000009fc00-0x000000000009ffff] reserved
[    0.000000] BIOS-e820: [mem 0x00000000000f0000-0x00000000000fffff] reserved
[    0.000000] BIOS-e820: [mem 0x0000000000100000-0x000000000ffeffff] usable
[    0.000000] BIOS-e820: [mem 0x000000000fff0000-0x000000000fffffff] ACPI data
[    0.000000] BIOS-e820: [mem 0x00000000fec00000-0x00000000fec00fff] reserved
[    0.000000] BIOS-e820: [mem 0x00000000fee00000-0x00000000fee00fff] reserved
[    0.000000] BIOS-e820: [mem 0x00000000fffc0000-0x00000000ffffffff] reserved
[    0.000000] NX (Execute Disable) protection: active
[    0.000000] SMBIOS 2.5 present.
[    0.000000] Hypervisor detected: KVM
[    0.000000] e820: last_pfn = 0xfff0 max_arch_pfn = 0x400000000
[    0.000000] MTRR: Disabled
[    0.000000] x86/PAT: MTRRs disabled, skipping PAT initialization too.
[    0.000000] CPU MTRRs all blank - virtualized system.
[    0.000000] x86/PAT: Configuration [0-7]: WB  WT  UC- UC  WB  WT  UC- UC  
[    0.000000] found SMP MP-table at [mem 0x0009fff0-0x0009ffff] mapped at [ffff88000009fff0]
[    0.000000] Scanning 1 areas for low memory corruption
[    0.000000] RAMDISK: [mem 0x0e8b6000-0x0f73bfff]
[    0.000000] ACPI: Early table checksum verification disabled
[    0.000000] ACPI: RSDP 0x00000000000E0000 000024 (v02 VBOX  )
[    0.000000] ACPI: XSDT 0x000000000FFF0030 00003C (v01 VBOX   VBOXXSDT 00000001 ASL  00000061)
[    0.000000] ACPI: FACP 0x000000000FFF00F0 0000F4 (v04 VBOX   VBOXFACP 00000001 ASL  00000061)
[    0.000000] ACPI: DSDT 0x000000000FFF0470 0021FF (v02 VBOX   VBOXBIOS 00000002 INTL 20180105)
[    0.000000] ACPI: FACS 0x000000000FFF0200 000040
[    0.000000] ACPI: FACS 0x000000000FFF0200 000040
[    0.000000] ACPI: APIC 0x000000000FF020 0005 (v02 VBOX   VBOXAPIC 00000001 ASL  00000061)
[    0.000000] ACPI: SSDT 0x000000000FFF02A0 0001CC (v01 VBOX   VBOXCPUT 00000002 INTL 20180105)
[    0.000000] No NUMA configuration found
[    0.000000] Faking a node at [mem 0x0000000000000000-0x000000000ffeffff]
[    0.000000] NODE_DATA(0) allocated [mem 0x0ffeb000-0x0ffeffff]
[    0.000000] kvm-clock: Using msrs 4b564d01 and 4b564d00
[    0.000000] kvm-clock: cpu 0, msr 0:ffe3001, primary cpu clock
[    0.000000] kvm-clock: using sched offset of 4203749412 cycles
[    0.000000] clocksource: kvm-clock: mask: 0xffffffffffffffff max_cycles: 0x1cd42e4dffb, max_idle_ns: 881590591483 ns
[    0.000000] Zone ranges:
[    0.000000]   DMA      [mem 0x0000000000001000-0x0000000000ffffff]
[    0.000000]   DMA32    [mem 0x0000000001000000-0x000000000ffeffff]
[    0.000000]   Normal   empty
[    0.000000]   Device   empty
[    0.000000] Movable zone start for each node
[    0.000000] Early memory node ranges
[    0.000000]   node   0: [mem 0x0000000000001000-0x000000000009efff]
[    0.000000]   node   0: [mem 0x0000000000100000-0x000000000ffeffff]
[    0.000000] Initmem setup node 0 [mem 0x0000000000001000-0x000000000ffeffff]
[    0.000000] ACPI: PM-Timer IO Port: 0x4008
[    0.000000] IOAPIC[0]: apic_id 2, version 32, address 0xfec00000, GSI 0-23
[    0.000000] ACPI: INT_SRC_OVR (bus 0 bus_irq 0 global_irq 2 dfl dfl)
[    0.000000] ACPI: INT_SRC_OVR (bus 0 bus_irq 9 global_irq 9 low level)
[    0.000000] Using ACPI (MADT) for SMP configuration information
[    0.000000] smpboot: Allowing 2 CPUs, 0 hotplug CPUs
[    0.000000] PM: Registered nosave memory: [mem 0x00000000-0x00000fff]
[    0.000000] PM: Registered nosave memory: [mem 0x0009f000-0x0009ffff]
[    0.000000] PM: Registered nosave memory: [mem 0x000a0000-0x000effff]
[    0.000000] PM: Registered nosave memory: [mem 0x000f0000-0x000fffff]
[    0.000000] e820: [mem 0x10000000-0xfebfffff] available for PCI devices
[    0.000000] Booting paravirtualized kernel on KVM
[    0.000000] clocksource: refined-jiffies: mask: 0xffffffff max_cycles: 0xffffffff, max_idle_ns: 7645519600211568 ns
[    0.000000] setup_percpu: NR_CPUS:512 nr_cpumask_bits:512 nr_cpu_ids:2 nr_node_ids:1
[    0.000000] PERCPU: Embedded 33 pages/cpu @ffff88000fc00000 s95448 r8192 d31528 u1048576
[    0.000000] Built 1 zonelists in Node order, mobility grouping on.  Total pages: 64376
[    0.000000] Policy zone: DMA32
[    0.000000] Kernel command line: BOOT_IMAGE=/boot/vmlinuz-4.4.0-177-generic root=LABEL=cloudimg-rootfs ro console=tty1 console=ttyS0
[    0.000000] PID hash table entries: 1024 (order: 1, 8192 bytes)
[    0.000000] Memory: 223564K/261688K available (8626K kernel code, 1336K rwdata, 4036K rodata, 1488K init, 1292K bss, 38124K reserved, 0K cma-reserved)
[    0.000000] SLUB: HWalign=64, Order=0-3, MinObjects=0, CPUs=2, Nodes=1
[    0.000000] Kernel/User page tables isolation: enabled
[    0.000000] Hierarchical RCU implementation.
[    0.000000] 	Build-time adjustment of leaf fanout to 64.
[    0.000000] 	RCU restricting CPUs from NR_CPUS=512 to nr_cpu_ids=2.
[    0.000000] RCU: Adjusting geometry for rcu_fanout_laf=64, nr_cpu_ids=2
[    0.000000] NR_IRQS:33024 nr_irqs:440 16
[    0.000000] Console: colour VGA+ 80x25
[    0.000000] console [tty1] enabled
[    0.000000] console [ttyS0] enabled
[    0.000000] tsc: Detected 2526.996 MHz processor
[    0.416118] Calibrating delay loop (skipped) preset value.. 5053.99 BogoMIPS (lpj=10107984)
[    0.424948] pid_max: default: 32768 minimum: 301
[    0.426828] ACPI: Core revision 20150930
[    0.430418] ACPI: 2 ACPI AML tables successfully acquired and loaded
[    0.438100] Security Framework initialized
[    0.439662] Yama: becoming mindful.
[    0.440948] AppArmor: AppArmor initialized
[    0.442553] Dentry cache hash table entries: 32768 (order: 6, 262144 bytes)
[    0.444758] Inode-cache hash table entries: 16384 (order: 5, 131072 bytes)
[    0.456534] Mount-cache hash table entries: 512 (order: 0, 4096 bytes)
[    0.458625] Mountpoint-cache hash table entries: 512 (order: 0, 4096 bytes)
[    0.462302] Initializing cgroup subsys io
[    0.463550] Initializing cgroup subsys memory
[    0.470695] Initializing cgroup subsys devices
[    0.484359] Initializing cgroup subsys freezer
[    0.491555] Initializing cgroup subsys net_cls
[    0.500311] Initializing cgroup subsys perf_event
[    0.502022] Initializing cgroup subsys net_prio
[    0.514916] Initializing cgroup subsys hugetlb
[    0.516488] Initializing cgroup subsys pids
[    0.518097] mce: CPU supports 0 MCE banks
[    0.519641] Last level iTLB entries: 4KB 512, 2MB 7, 4MB 7
[    0.521529] Last level dTLB entries: 4KB 512, 2MB 32, 4MB 32, 1GB 0
[    0.524053] Spectre V1 : Mitigation: usercopy/swapgs barriers and __user pointer sanitization
[    0.531525] Spectre V2 : Mitigation: Full generic retpoline
[    0.546021] Spectre V2 : Spectre v2 / SpectreRSB mitigation: Filling RSB on context switch
[    0.555339] Speculative Store Bypass: Vulnerable
[    0.563163] MDS: Vulnerable: Clear CPU buffers attempted, no microcode
[    0.570009] Freeing SMP alternatives memory: 36K
[    0.581349] ftrace: allocating 32304 entries in 127 pages
[    0.660484] smpboot: APIC(0) Converting physical 0 to logical package 0
[    0.687614] smpboot: Max logical packages: 1
[    0.689378] x2apic enabled
[    0.690691] Switched APIC routing to physical x2apic.
[    0.693683] ..TIMER: vector=0x30 apic1=0 pin1=2 apic2=-1 pin2=-1
[    0.803622] APIC calibration not consistent with PM-Timer: 102ms instead of 100ms
[    0.813050] APIC delta adjusted to PM-Timer: 6249748 (6377099)
[    0.823628] smpboot: CPU0: Intel(R) Core(TM) i3 CPU       M 380  @ 2.53GHz (family: 0x6, model: 0x25, stepping: 0x5)
[    0.827144] Performance Events: unsupported p6 CPU model 37 no PMU driver, software events only.
[    0.848113] KVM setup paravirtual spinlock
[    0.857718] x86: Booting SMP configuration:
[    0.860513] .... node  #0, CPUs:      #1
[    0.862814] kvm-clock: cpu 1, msr 0:ffe3041, secondary cpu clock
[    0.903231] mce: CPU supports 0 MCE banks
[    0.906184] x86: Booted up 1 node, 2 CPUs
[    0.909260] smpboot: Total of 2 processors activated (10107.98 BogoMIPS)
[    0.917470] devtmpfs: initialized
[    0.920644] evm: security.selinux
[    0.921830] evm: security.SMACK64
[    0.922998] evm: security.SMACK64EXEC
[    0.924268] evm: security.SMACK64TRANSMUTE
[    0.925634] evm: security.SMACK64MMAP
[    0.926901] evm: security.ima
[    0.927996] evm: security.capability
[    0.929467] clocksource: jiffies: mask: 0xffffffff max_cycles: 0xffffffff, max_idle_ns: 7645041785100000 ns
[    0.932600] futex hash table entries: 512 (order: 3, 32768 bytes)
[    0.934694] pinctrl core: initialized pinctrl subsystem
[    0.936542] RTC time: 16:02:39, date: 05/02/20
[    0.938228] NET: Registered protocol family 16
[    0.951855] cpuidle: using governor ladder
[    0.968052] cpuidle: using governor menu
[    0.970351] PCCT header not found.
[    0.972316] ACPI: bus type PCI registered
[    0.974430] acpiphp: ACPI Hot Plug PCI Controller Driver version: 0.5
[    0.977711] PCI: Using configuration type 1 for base access
[    0.995152] ACPI: Added _OSI(Module Device)
[    1.003286] ACPI: Added _OSI(Processor Device)
[    1.005011] ACPI: Added _OSI(3.0 _SCP Extensions)
[    1.022651] ACPI: Added _OSI(Processor Aggregator Device)
[    1.025372] ACPI: Executed 1 blocks of module-level executable AML code
[    1.030146] ACPI: Interpreter enabled
[    1.036813] ACPI: (supports S0 S5)
[    1.038014] ACPI: Using IOAPIC for interrupt routing
[    1.039851] PCI: Using host bridge windows from ACPI; if necessary, use "pci=nocrs" and report a bug
[    1.047470] ACPI: PCI Root Bridge [PCI0] (domain 0000 [bus 00-ff])
[    1.049535] acpi PNP0A03:00: _OSC: OS supports [ASPM ClockPM Segments MSI]
[    1.051692] acpi PNP0A03:00: _OSC: not requesting OS control; OS requires [ExtendedConfig ASPM ClockPM MSI]
[    1.054758] acpi PNP0A03:00: fail to add MMCONFIG information, can't access extended PCI configuration space under this bridge.
[    1.058728] PCI host bridge to bus 0000:00
[    1.060125] pci_bus 0000:00: root bus resource [io  0x0000-0x0cf7 window]
[    1.062179] pci_bus 0000:00: root bus resource [io  0x0d00-0xffff window]
[    1.065974] pci_bus 0000:00: root bus resource [mem 0x000a0000-0x000bffff window]
[    1.068585] pci_bus 0000:00: root bus resource [mem 0x10000000-0xfdffffff window]
[    1.076463] pci_bus 0000:00: root bus resource [bus 00-ff]
[    1.080597] pci 0000:00:01.1: legacy IDE quirk: reg 0x10: [io  0x01f0-0x01f7]
[    1.083902] pci 0000:00:01.1: legacy IDE quirk: reg 0x14: [io  0x03f6]
[    1.085933] pci 0000:00:01.1: legacy IDE quirk: reg 0x18: [io  0x0170-0x0177]
[    1.092141] pci 0000:00:01.1: legacy IDE quirk: reg 0x1c: [io  0x0376]
[    1.118367] pci 0000:00:07.0: quirk: [io  0x4000-0x403f] claimed by PIIX4 ACPI
[    1.121352] pci 0000:00:07.0: quirk: [io  0x4100-0x410f] claimed by PIIX4 SMB
[    1.151655] ACPI: PCI Interrupt Link [LNKA] (IRQs 5 9 10 *11)
[    1.224308] ACPI: PCI Interrupt Link [LNKB] (IRQs 5 9 *10 11)
[    1.234686] ACPI: PCI Interrupt Link [LNKC] (IRQs 5 *9 10 11)
[    1.245383] ACPI: PCI Interrupt Link [LNKD] (IRQs 5 9 10 *11)
[    1.266189] ACPI: Enabled 2 GPEs in block 00 to 07
[    1.272309] vgaarb: setting as boot device: PCI:0000:00:02.0
[    1.274644] vgaarb: device added: PCI:0000:00:02.0,decodes=io+mem,owns=io+mem,locks=none
[    1.278766] vgaarb: loaded
[    1.280832] vgaarb: bridge control possible 0000:00:02.0
[    1.283168] SCSI subsystem initialized
[    1.284636] ACPI: bus type USB registered
[    1.286063] usbcore: registered new interface driver usbfs
[    1.287842] usbcore: registered new interface driver hub
[    1.289539] usbcore: registered new device driver usb
[    1.291463] PCI: Using ACPI for IRQ routing
[    1.293246] NetLabel: Initializing
[    1.294454] NetLabel:  domain hash size = 128
[    1.295907] NetLabel:  protocols = UNLABELED CIPSOv4
[    1.297507] NetLabel:  unlabeled traffic allowed by default
[    1.299514] amd_nb: Cannot enumerate AMD northbridges
[    1.301191] clocksource: Switched to clocksource kvm-clock
[  1210]ppmor: AppArmor Filesystem Enabled
[    1.605089] pnp: PnP ACPI init
[    1.607394] pnp: PnP ACPI: found 3 devices

[    1.623926] clocksource: acpi_pm: mask: 0xffffff max_cycles: 0xffffff, max_idle_ns: 2085701024 ns
[    1.627659] NET: Registered protocol family 2
[    1.629537] TCP established hash table entries: 2048 (order: 2, 16384 bytes)
[    1.636619] TCP bind hash tablentries: 2048 (order: 3, 32768 bytes)
[    1.701566] TCP: Hash tables configured (established 2048 bind 2048)
[    1.703762] UDP hash table entries: 256 (order: 1, 8192 bytes)
[    1.705775] UDP-Lite hash tbl entries: 256 (order: 1, 8192 bytes)
[    1.788467] NET: Registered protocol family 1
[    1.789984] pci 0000:00:00.0: Limiting direct PCI/PCI transfers
[    1.791833] pci 0000:00:01.0: Activating ISA DMA hang workarounds
[    1.793965] Unpacking initramfs...
[    2.099168] Freeing initrd memory: 14872K
[    2.107532] clocksource: tsc: mask: 0xffffffffffffffff max_cycles: 0x246cd7cb7f7, max_idle_ns: 440795247826 ns
[    2.110782] platform rtc_cmos: registered platform RTC device (no PNP device found)
[    2.113102] Scanning for low memory corruption every 60 seconds
[    2.121605] audit: initializing netlink subsys (disabled)
[    2.123355] audit: type=2000 audit(1588435365.357:1): initialized
[    2.125530] Initialise system trusted keyring
[    2.127393] HugeTLB registered 2 MB page size, pre-allocated 0 pages
[    2.131275] zbud: loaded
[    2.132863] VFS: Disk quotas dquot_6.6.0
[    2.134426] VFS: Dquot-cache hash table entries: 512 (order 0, 4096 bytes)
[    2.136939] squashfs: version 4.0 (2009/01/31) Phillip Lougher
[    2.139519] fuse init (API version 7.23)
[    2.141464] Key type big_key registered
[    2.143369] Allocating IMA MOK and blacklist keyrings.
[    2.149634] Key type asymmetric registered
[    2.151116] Asymmetric key parser 'x509' registered
[    2.159909] Block layer SCSI generic (bsg) driver version 0.4 loaded (major 249)
[    2.163675] io scheduler noop registered
[    2.165558] io scheduler deadline registered (default)
[    2.168007] io scheduler cfq registered
[    2.169636] pci_hotplug: PCI Hot Plug PCI Core version: 0.5
[    2.171446] pciehp: PCI Express Hot Plug Controller Driver version: 0.4
[    2.173703] ACPI: AC Adapter [AC] (on-line)
[    2.175219] input: Power Button as /devices/LNXSYSTM:00/LNXPWRBN:00/input/input0
[    2.177682] ACPI: Power Button [PWRF]
[    2.179120] input: Sleep Button as /devices/LNXSYSTM:00/LNXSLPBN:00/input/input1
[    2.181586] ACPI: Sleep Button [SLPF]
[    2.183236] GHES: HEST is not enabled!
[    2.185460] Serial: 8250/16550 driver, 32 ports, IRQ sharing enabled
[    2.188252] ACPI: Battery Slot [BAT0] (battery present)
[    2.213894] 00:02: ttyS0 at I/O 0x3f8 (irq = 4, base_baud = 115200) is a 16550A
[    2.225712] Linux agpgart interface v0.103
[    2.231716] loop: module loaded
[    2.234160] scsi host0: ata_piix
[    2.235734] scsi host1: ata_piix
[    2.237103] ata1: PATA max UDMA/33 cmd 0x1f0 ctl 0x3f6 bmdma 0xd000 irq 14
[    2.239456] ata2: PATA max UDMA/33 cmd 0x170 ctl 0x376 bmdma 0xd008 irq 15
[    2.241766] libphy: Fixed MDIO Bus: probed
[    2.243286] tun: Universal TUN/TAP device driver, 1.6
[    2.244980] tun: (C) 1999-2004 Max Krasnyansky <maxk@qualcomm.com>
[    2.247135] PPP generic driver version 2.4.2
[    2.248870] ehci_hcd: USB 2.0 'Enhanced' Host Controller (EHCI) Driver
[    2.254240] ehci-pci: EHCI PCI platform driver
[    2.255788] ehci-platform: EHCI generic platform driver
[    2.257495] ohci_hcd: USB 1.1 'Open' Host Controller (OHCI) Driver
[    2.259379] ohci-pci: OHCI PCI platform driver
[    2.260841] ohci-platform: OHCI generic platform driver
[    2.262540] uhci_hcd: USB Universal Host Controller Interface driver
[    2.264529] i8042: PNP: PS/2 Controller [PNP0303:PS2K,PNP0f03:PS2M] at 0x60,0x64 irq 1,12
[    2.267391] serio: i8042 KBD port at 0x60,0x64 irq 1
[    2.280508] serio: i8042 AUX port at 0x60,0x64 irq 12
[    2.303236] mousedev: PS/2 mouse device common for all mice
[    2.306339] input: AT Translated Set 2 keyboard as /devices/platform/i8042/serio0/input/input2
[    2.310008] rtc_cmos rtc_cmos: rtc core: registered rtc_cmos as rtc0
[    2.321323] rtc_cmos rtc_cmos: alarms up to one day, 114 bytes nvram
[    2.323587] i2c /dev entries driver
[    2.325087] device-mapper: uevent: version 1.0.3
[    2.326708] device-mapper: ioctl: 4.34.0-ioctl (2015-10-28) initialised: dm-devel@redhat.com
[    2.328889] ledtrig-cpu: registered to indicate activity on CPUs
[    2.331257] NET: Registered protocol family 10
[    2.333531] NET: Registered protocol family 17
[    2.338476] Key type dns_resolver registered
[    2.399620] registered taskstats version 1
[    2.440239] Loading compiled-in X.509 certificates
[    2.510697] Loaded X.509 cert 'Build time autogenerated kernel key: a048edf52b07f04005c7780de0f875c713550332'
[    2.516553] zswap: loaded using pool lzo/zbud
[    2.527102] Key type trusted registered
[    2.546741] Key type encrypted registered
[    2.557064] AppArmor: AppArmor sha1 policy hashing enabled
[    2.559141] ima: No TPM chip found, activating TPM-bypass!
[    2.561131] ima: Allocated hash algorithm: sha1
[    2.562824] evm: HMAC attrs: 0x1
[    2.564793]   Magic number: 4:800:33
[    2.567611] rtc_cmos rtc_cmos: setting system clock to 2020-05-02 16:02:40 UTC (1588435360)
[    2.576173] BIOS EDD facility v0.16 2004-Jun-25, 0 devices found
[    2.578093] EDD information not available.
[    2.581366] Freeing unused kernel memory: 1488K
[    2.597444] Write protecting the kernel read-only data: 14336k
[    2.600987] Freeing unused kernel memory: 1604K
[    2.604776] Freeing unused kernel memory: 60K
Loading, please wait...
starting version 229
[    2.639133] random: systemd-udevd: uninitialized urandom read (16 bytes read, 3 bits of entropy available)
[    2.640144] random: udevadm: uninitialized urandom read (16 bytes read, 3 bits of entropy available)
[    2.640209] random: udevadm: uninitialized urandom read (16 bytes read, 3 bits of entropy available)
[    2.649721] random: systemd-udevd: uninitialized urandom read (16 bytes read, 3 bits of entropy available)
[    2.656227] random: systemd-udevd: uninitialized urandom read (16 bytes read, 3 bits of entropy available)
[    2.661308] random: systemd-udevd: uninitialized urandom read (16 bytes read, 3 bits of entropy available)
[    2.665329] random: udevadm: uninitialized urandom read (16 bytes read, 3 bits of entropy available)
[    2.665409] random: udevadm: uninitialized urandom read (16 bytes read, 3 bits of entropy available)
[    2.665681] random: udevadm: uninitialized urandom read (16 bytes read, 3 bits of entropy available)
[    2.665792] random: udevadm: uninitialized urandom read (16 bytes read, 3 bits of entropy available)
[    2.754745] e1000: Intel(R) PRO/1000 Network Driver - version 7.3.21-k8-NAPI
[    2.761480] e1000: Copyright (c) 1999-2006 Intel Corporation.
[    2.789015] Fusion MPT base driver 3.04.20
[    2.803111] Copyright (c) 1999-2008 LSI Corporation
[    2.854657] Fusion MPT SPI Host driver 3.04.20
[    3.040173] input: ImExPS/2 Generic Explorer Mouse as /devices/platform/i8042/serio1/input/input4
[    3.206515] e1000 0000:00:03.0 eth0: (PCI:33MHz:32-bit) 02:f4:cb:fd:67:72
[    3.229800] e1000 0000:00:03.0 eth0: Intel(R) PRO/1000 Network Connection
[    3.232764] mptbase: ioc0: Initiating bringup
[    3.310087] ioc0: LSI53C1030 A0: Capabilities={Initiator}
[    3.941459] scsi host2: ioc0: LSI53C1030 A0, FwRev=00000000h, Ports=1, MaxQ=256, IRQ=20
[    4.090180] scsi 2:0:0:0: Direct-Access     VBOX     HARDDISK         1.0  PQ: 0 ANSI: 5
[    4.095441] scsi target2:0:0: Beginning Domain Validation
[    4.101554] scsi target2:0:0: Domain Validation skipping write tests
[    4.104554] scsi target2:0:0: Ending Domain Validation
[    4.106803] scsi target2:0:0: asynchronous
[    4.108723] scsi 2:0:1:0: Direct-Access     VBOX     HARDDISK         1.0  PQ: 0 ANSI: 5
[    4.111416] scsi target2:0:1: Beginning Domain Validation
[    4.114434] scsi target2:0:1: Domain Validation skipping write tests
[    4.116343] scsi target2:0:1: Ending Domain Validation
[    4.118134] scsi target2:0:1: asynchronous
[    4.135818] sd 2:0:0:0: Attached scsi generic sg0 type 0
[    4.153698] sd 2:0:0:0: [sda] 20971520 512-byte logical blocks: (10.7 GB/10.0 GiB)
[    4.156624] sd 2:0:0:0: [sda] Write Protect is off
[    4.158694] sd 2:0:0:0: [sda] Incomplete mode parameter data
[    4.162025] sd 2:0:0:0: [sda] Assuming drive cache: write through
[    4.184931] sd 2:0:1:0: Attached scsi generic sg1 type 0
[    4.191776] sd 2:0:1:0: [sdb] 20480 512-byte logical blocks: (10.5 MB/10.0 MiB)
[    4.199978] sd 2:0:1:0: [sdb] Write Protect is off
[    4.201788] sd 2:0:1:0: [sdb] Incomplete mode parameter data
[    4.203697] sd 2:0:1:0: [sdb] Assuming drive cache: write through
[    4.212495]  sda: sda1
[    4.225419] sd 2:0:0:0: [sda] Attached SCSI disk
[    4.261442] sd 2:0:1:0: [sdb] Attached SCSI disk
[    4.504368] e1000 0000:00:08.0 eth1: (PCI:33MHz:32-bit) 08:00:27:2a:20:df
[    4.520544] e1000 0000:00:08.0 eth1: Intel(R) PRO/1000 Network Connection
[    4.525013] e1000 0000:00:03.0 enp0s3: renamed from eth0
[    4.537548] e1000 0000:00:08.0 enp0s8: renamed from eth1
Begin: Loading essential drivers ... [    6.038098] md: linear personality registered for level -1
[    6.046128] md: multipath personality registered for level -4
[    6.058118] md: raid0 personality registered for level 0
[    6.065780] md: raid1 personality registered for level 1
[    6.141249] raid6: sse2x1   gen()  6031 MB/s
[    6.209357] raid6: sse2x1   xor()  3590 MB/s
[    6.281264] raid6: sse2x2   gen()  6079 MB/s
[    6.349289] raid6: sse2x2   xor()  5526 MB/s
[    6.417285] raid6: sse2x4   gen()  8128 MB/s
[    6.485293] raid6: sse2x4   xor()  6060 MB/s
[    6.487537] raid6: using algorithm sse2x4 gen() 8128 MB/s
[    6.490084] raid6: .... xor() 6060 MB/s, rmw enabled
[    6.497092] raid6: using ssse3x2 recovery algorithm
[    6.500380] xor: measuring software checksum speed
[    6.541327]    prefetch64-sse:  9112.000 MB/sec
[    6.585292]    generic_sse:  8954.000 MB/sec
[    6.592459] xor: using function: prefetch64-sse (9112.000 MB/sec)
[    6.596898] async_tx: api initialized (async)
[    6.616984] md: raid6 personality registered for level 6
[    6.621176] md: raid5 personality registered for level 5
[    6.623038] md: raid4 personality registered for level 4
[    6.637198] md: raid10 personality registered for level 10
done.
Begin: Running /scripts/init-premount ... done.
Begin: Mounting root file system ... Begin: Running /scripts/local-top ... done.
Begin: Running /scripts/local-premount ... [    6.698343] Btrfs loaded
Scanning for Btrfs filesystems
done.
Warning: fsck not present, so skipping root file system
[    6.791542] EXT4-fs (sda1): mounted filesystem with ordered data mode. Opts: (null)
done.
Begin: Running /scripts/local-bottom ... done.
Begin: Running /scripts/init-bottom ... done.
[    7.745080] systemd[1]: systemd 229 running in system mode. (+PAM +AUDIT +SELINUX +IMA +APPARMOR +SMACK +SYSVINIT +UTMP +LIBCRYPTSETUP +GCRYPT +GNUTLS +ACL +XZ -LZ4 +SECCOMP +BLKID +ELFUTILS +KMOD -IDN)
[    7.756941] systemd[1]: Detected virtualization oracle.
[    7.760286] systemd[1]: Detected architecture x86-64.

Welcome to [1mUbuntu 16.04.6 LTS[0m!

[    7.788223] systemd[1]: Set hostname to <ubuntu>.
[    7.812362] systemd[1]: Initializing machine ID from random generator.
[    7.826105] systemd[1]: Installed transient /etc/machine-id file.
[    8.047823] random: nonblocking pool is initialized
[    8.971887] systemd[1]: Listening on udev Control Socket.
[[0;32m  OK  [0m] Listening on udev Control Socket.
[    8.990512] systemd[1]: Started Trigger resolvconf update for networkd DNS.
[[0;32m  OK  [0m] Started Trigger resolvconf update for networkd DNS.
[    9.026074] systemd[1]: Reached target Encrypted Volumes.
[[0;32m  OK  [0m] Reached target Encrypted Volumes.
[    9.033957] systemd[1]: Reached target User and Group Name Lookups.
[[0;32m  OK  [0m] Reached target User and Group Name Lookups.
[    9.039185] systemd[1]: Listening on /dev/initctl Compatibility Named Pipe.
[[0;32m  OK  [0m] Listening on /dev/initctl Compatibility Named Pipe.
[    9.045837] systemd[1]: Created slice System Slice.
[[0;32m  OK  [0m] Created slice System Slice.
[    9.085164] systemd[1]: Listening on udev Kernel Socket.
[[0;32m  OK  [0m] Listening on udev Kernel Socket.
[    9.090007] systemd[1]: Created slice system-serial\x2dgetty.slice.
[[0;32m  OK  [0m] Created slice system-serial\x2dgetty.slice.
[    9.094829] systemd[1]: Set up automount Arbitrary Executable File Formats File System Automount Point.
[[0;32m  OK  [0m] Set up automount Arbitrary Executab...ats File System Automount Point.
[    9.110349] systemd[1]: Reached target Swap.
[[0;32m  OK  [0m] Reached target Swap.
[    9.191994] systemd[1]: Listening on Journal Socket.
[[0;32m  OK  [0m] Listening on Journal Socket.
[    9.217211] systemd[1]: Starting Set console keymap...
         Starting Set console keymap...
[    9.247805] systemd[1]: Starting Load Kernel Modules...
         Starting Load Kernel Modules...
[    9.255389] systemd[1]: Starting Create list of required static device nodes for the current kernel...
         Starting Create list of required st... nodes for the current kernel...
[    9.289623] systemd[1]: Mounting Huge Pages File System...
         Mounting Huge Pages File System...
[    9.320660] systemd[1]: Starting Uncomplicated firewall...
         Starting Uncomplicated firewall...
[    9.335910] systemd[1]: Mounting Debug File System...
         Mounting Debug File System...
[    9.344126] systemd[1]: Starting Remount Root and Kernel File Systems...
         Starting Remount Root and Kernel File Systems...
[    9.349021] systemd[1]: Created slice User and Session Slice.
[[0;32m  OK  [0m] Created slice User and Session Slice.
[    9.361290] systemd[1]: Reached target Slices.
[[0;32m  OK  [0m] Reached target Slices.
[    9.381275] systemd[1]: Started Forward Password Requests to Wall Directory Watch.
[[0;32m  OK  [0m] Started Forward Password Requests to Wall Directory Watch.
[    9.386239] systemd[1]: Reached target System Time Synchronized.
[[0;32m  OK  [0m] Reached target System Time Synchronized.
[    9.394694] systemd[1]: Listening on LVM2 poll daemon socket.
[[0;32m  OK  [[    9.397404] EXT4-fs (sda1): re-mounted. Opts: (null)
0m] Listening on LVM2 poll daemon socket.
[    9.445117] systemd[1]: Listening on Syslog Socket.
[[0;32m  OK  [0m] Listening on Syslog Socket.
[    9.472711] Loading iSCSI transport class v2.0-870.
[    9.485626] systemd[1]: Starting Nameserver information manager...
         Startin[    9.535601] iscsi: registered transport (tcp)
g Nameserver information manager...
[    9.581610] systemd[1]: Listening on Journal Audit Socket.
[[0;32m  OK  [0m] Listening on Journal Audit Socket.
[    9.588196] systemd[1]: Listening on Journal Socket (/dev/log).
[[0;32m  OK  [0m] Listening on Journal Socket (/dev/log).
[    9.633592] systemd[1]: Mounting POSIX Message Queue File System...
         Mounting POSIX Message Queue File System...
[    9.682880] systemd[1]: Starting Journal Service...
[    9.683977] iscsi: registered transport (iser)
         Starting Journal Service...
[    9.690641] systemd[1]: Listening on Device-mapper event daemon FIFOs.
[[0;32m  OK  [0m] Listening on Device-mapper event daemon FIFOs.
[    9.702235] systemd[1]: Listening on LVM2 metadata daemon socket.
[[0;32m  OK  [0m] Listening on LVM2 metadata daemon socket.
[    9.712164] systemd[1]: Starting Monitoring of LVM2 mirrors, snapshots etc. using dmeventd or progress polling...
         Starting Monitoring of LVM2 mirrors... dmeventd or progress polling...
[    9.751935] systemd[1]: Mounted Debug File System.
[[0;32m  OK  [0m] Mounted Debug File System.
[    9.770333] systemd[1]: Mounted POSIX Message Queue File System.
[[0;32m  OK  [0m] Mounted POSIX Message Queue File System.
[    9.789770] systemd[1]: Mounted Huge Pages File System.
[[0;32m  OK  [0m] Mounted Huge Pages File System.
[    9.813622] systemd[1]: Started Set console keymap.
[[0;32m  OK  [0m] Started Set console keymap.
[    9.822681] systemd[1]: Started Load Kernel Modules.
[[0;32m  OK  [0m] Started Load Kernel Modules.
[    9.835049] systemd[1]: Started Create list of required static device nodes for the current kernel.
[[0;32m  OK  [0m] Started Create list of required sta...ce nodes for the current kernel.
[    9.849082] systemd[1]: Started Uncomplicated firewall.
[[0;32m  OK  [0m] Started Uncomplicated firewall.
[    9.854686] systemd[1]: Started Remount Root and Kernel File Systems.
[[0;32m  OK  [0m] Started Remount Root and Kernel File Systems.
[    9.900713] systemd[1]: Starting Load/Save Random Seed...
         Starting Load/Save Random Seed...
[    9.961772] systemd[1]: Starting udev Coldplug all Devices...
         Starting udev Coldplug all Devices...
[    9.994407] systemd[1]: Starting Create Static Device Nodes in /dev...
         Starting Create Static Device Nodes in /dev...
[   10.018202] systemd[1]: Starting Apply Kernel Variables...
         Starting Apply Kernel Variables...
[   10.039997] systemd[1]: Mounting FUSE Control File System...
         Mounting FUSE Control File System...
[   10.054930] systemd[1]: Mounted FUSE Control File System.
[[0;32m  OK  [0m] Mounted FUSE Control File System.
[   10.088313] systemd[1]: Started Journal Service.
[[0;32m  OK  [0m] Started Journal Service.
[[0;32m  OK  [0m] Started Nameserver information manager.
[[0;32m  OK  [0m] Started Load/Save Random Seed.
[[0;32m  OK  [0m] Started LVM2 metadata daemon.
         Starting Flush Journal to Persistent Storage...
[[0;32m  OK  [0m] Started udev Coldplug all Devices.
[[0;32m  OK  [0m] Started Apply Kernel Variables.
[[0;32m  OK  [0m] Started Flush Journal to Persistent Storage.
[[0;32m  OK  [0m] Started Create Static Device Nodes in /dev.
         Starting udev Kernel Device Manager...
[[0;32m  OK  [0m] Started Monitoring of LVM2 mirrors,...ng dmeventd or progress polling.
[[0;32m  OK  [0m] Reached target Local File Systems (Pre).
[[0;32m  OK  [0m] Reached target Local File Systems.
         Starting Commit a transient machine-id on disk...
         Starting LSB: AppArmor initialization...
         Starting Set console font and keymap...
         Starting Initial cloud-init job (pre-networking)...
         Starting Tell Plymouth To Write Out Runtime Data...
         Starting Create Volatile Files and Directories...
[[0;32m  OK  [0m] Started Commit a transient machine-id on disk.
[[0;32m  OK  [0m] Started Create Volatile Files and Directories.
[[0;32m  OK  [0m] Started Tell Plymouth To Write Out Runtime Data.
         Starting Update UTMP about System Boot/Shutdown...
[[0;32m  OK  [0m] Started Update UTMP about System Boot/Shutdown.
[[0;32m  OK  [0m] Started udev Kernel Device Manager.
[[0;32m  OK  [0m] Started Dispatch Password Requests to Console Directory Watch.
[[0;32m  OK  [0m] Found device /dev/ttyS0.
[[0;32m  OK  [0m] Listening on Load/Save RF Kill Switch Status /dev/rfkill Watch.
[[0;32m  OK  [0m] Started LSB: AppArmor initialization.
[[0;32m  OK  [0m] Started Set console font and keymap.
[[0;32m  OK  [0m] Created slice system-getty.slice.
[   17.715800] cloud-init[450]: Cloud-init v. 19.4-33-gbb4131a2-0ubuntu1~16.04.1 running 'init-local' at Sat, 02 May 2020 16:02:55 +0000. Up 16.89 seconds.
[[0;32m  OK  [0m] Started Initial cloud-init job (pre-networking).
[[0;32m  OK  [0m] Reached target Network (Pre).
         Starting Raise network interfaces...
[[0;32m  OK  [0m] Started Raise network interfaces.
         Starting Initial cloud-init job (metadata service crawler)...
[[0;32m  OK  [0m] Reached target Network.
[   21.706664] cloud-init[942]: Cloud-init v. 19.4-33-gbb4131a2-0ubuntu1~16.04.1 running 'init' at Sat, 02 May 2020 16:02:57 +0000. Up 18.92 seconds.
[   21.721475] cloud-init[942]: ci-info: ++++++++++++++++++++++++++++++++++++++Net device info+++++++++++++++++++++++++++++++++++++++
[   21.736547] cloud-init[942]: ci-info: +--------+-------+----------------------------+---------------+--------+-------------------+
[   21.740146] cloud-init[942]: ci-info: | Device |   Up  |          Address           |      Mask     | Scope  |     Hw-Address    |
[   21.751644] cloud-init[942]: ci-info: +--------+-------+----------------------------+---------------+--------+-------------------+
[   21.771773] cloud-init[942]: ci-info: | enp0s3 |  True |         10.0.2.15          | 255.255.255.0 | global | 02:f4:cb:fd:67:72 |
[   21.776397] cloud-init[942]: ci-info: | enp0s3 |  True | fe80::f4:cbff:fefd:6772/64 |       .       |  link  | 02:f4:cb:fd:67:72 |
[   21.780968] cloud-init[942]: ci-info: | enp0s8 | False |             .              |       .       |   .    | 08:00:27:2a:20:df |
[   21.784331] cloud-init[942]: ci-info: |   lo   |  True |         127.0.0.1          |   255.0.0.0   |  host  |         .         |
[   21.787798] cloud-init[942]: ci-info: |   lo   |  True |          ::1/128           |       .       |  host  |         .         |
[   21.796785] cloud-init[942]: ci-info: +--------+-------+----------------------------+---------------+--------+-------------------+
[   21.800180] cloud-init[942]: ci-info: +++++++++++++++++++++++++++Route IPv4 info++++++++++++++++++++++++++++
[   21.843823] cloud-init[942]: ci-info: +-------+-------------+----------+---------------+-----------+-------+
[[0;32m  OK  [0m] Started Initial cloud-init job (metadata service crawler).
[[0;32m  OK  [0m] Reached target Cloud-config availability.
[   21.857089] cloud-init[942]: ci-info: | Route | Destination | Gateway  |    Genmask    | Interface | Flags |
[   21.883767] cloud-init[942]: ci-info: +-------+-------------+----------+---------------+-----------+-------+
[   21.884393] cloud-init[942]: ci-info: |   0   |   0.0.0.0   | 10.0.2.2 |    0.0.0.0    |   enp0s3  |   UG  |
[   21.886074] cloud-init[942]: ci-info: |   1   |   10.0.2.0  | 0.0.0.0  | 255.255.255.0 |   enp0s3  |   U   |
[   21.886181] cloud-init[942]: ci-info: +-------+-------------+----------+---------------+-----------+-------+
[   21.886280] cloud-init[942]: ci-info: +++++++++++++++++++Route IPv6 info+++++++++++++++++++
[   21.886392] cloud-init[942]: ci-info: +-------+-------------+---------+-----------+-------+
[   21.886492] cloud-init[942]: ci-info: | Route | Destination | Gateway | Interface | Flags |
[   21.886590] cloud-init[942]: ci-info: +-------+-------------+---------+-----------+-------+
[   21.886696] cloud-init[942]: ci-info: |   0   |  fe80::/64  |    ::   |   enp0s3  |   U   |
[   21.886829] cloud-init[942]: ci-info: |   3   |   ff00::/8  |    ::   |   enp0s3  |   U   |
[   21.886931] cloud-init[942]: ci-info: +-------+-------------+---------+-----------+-------+
[   21.887032] cloud-init[942]: Generating public/private rsa key pair.
[   21.887130] cloud-init[942]: Your identification has been saved in /etc/ssh/ssh_host_rsa_key.
[   21.887228] cloud-init[942]: Your public key has been saved in /etc/ssh/ssh_host_rsa_key.pub.
[   21.887330] cloud-init[942]: The key fingerprint is:
[   21.887429] cloud-init[942]: SHA256:2+4HVSfN79gtpvurczf9ROgfqDqDim9ajVAJE/ddqcM root@ubuntu-xenial
[   21.887533] cloud-init[942]: The key's randomart image is:
[   21.887635] cloud-init[942]: +---[RSA 2048]----+
[   21.887732] cloud-init[942]: |   +..     ..  o |
[   21.887832] cloud-init[942]: |    + o . ..  o +|
[   21.887930] cloud-init[942]: |     o ....  . o.|
[   21.888027] cloud-init[942]: |    .    E  .  ..|
[   21.888127] cloud-init[942]: |   .    S ..  .+o|
[   21.888223] cloud-init[942]: |    . o  o.  .=.+|
[   21.888320] cloud-init[942]: |     o .o .. +.oo|
[   21.888421] cloud-init[942]: |    o. . +  = .++|
[   21.888525] cloud-init[942]: |   o+o.  o*oo*oo=|
[   21.888626] cloud-init[942]: +----[SHA256]-----+
[   21.888741] cloud-init[942]: Generating public/private dsa key pair.
[   21.888848] cloud-init[942]: Your identification has been saved in /etc/ssh/ssh_host_dsa_key.
[   21.888952] cloud-init[942]: Your public key has been saved in /etc/ssh/ssh_host_dsa_key.pub.
[   21.889050] cloud-init[942]: The key fingerprint is:
[   21.889151] cloud-init[942]: SHA256:w64kryOvpF7Uwtv4gq/SgbGdNfOTo85ZMOJoPuqpnWo root@ubuntu-xenial
[   21.889250] cloud-init[942]: The key's randomart image is:
[   21.889349] cloud-init[942]: +---[DSA 1024]----+
[   21.889458] cloud-init[942]: |                 |
[   21.889558] cloud-init[942]: |                 |
[   21.889654] cloud-init[942]: |                 |
[   21.889755] cloud-init[942]: |. . =  .         |
[   21.889854] cloud-init[942]: | =.*o= .S        |
[   21.889955] cloud-init[942]: |oo=.=o=. .       |
[   21.890053] cloud-init[942]: |.o+=.ooo.        |
[   21.890151] cloud-init[942]: |+E=++* .         |
[   21.890258] cloud-init[942]: |%BB*B+o          |
[   21.890357] cloud-init[942]: +----[SHA256]-----+
[   21.890455] cloud-init[942]: Generating public/private ecdsa key pair.
[   21.890556] cloud-init[942]: Your identification has been saved in /etc/ssh/ssh_host_ecdsa_key.
[   21.890654] cloud-init[942]: Your public key has been saved in /etc/ssh/ssh_host_ecdsa_key.pub.
[   21.890757] cloud-init[942]: The key fingerprint is:
[   21.890856] cloud-init[942]: SHA256:rPnslj8vbrYDpZbvJPvtNHSfUBa/vDSpXiQVmz5bagQ root@ubuntu-xenial
[   21.890954] cloud-init[942]: The key's randomart image is:
[   21.891055] cloud-init[942]: +---[ECDSA 256]---+
[   21.891152] cloud-init[942]: |               o |
[   21.891252] cloud-init[942]: |                *|
[   21.891357] cloud-init[942]: |            E  *.|
[   21.891457] cloud-init[942]: |       .  .  .* o|
[   21.891558] cloud-init[942]: |        S+  .ooX.|
[   21.891658] cloud-init[942]: |       o=  . o*oB|
[   21.891755] cloud-init[[0;32m  OK  [0m] Reached target System Initialization.
[942]: |      o..+. o.o=.|
[   22.080639] cloud-init[942]: |       oo+Bo.o.  |
[   22.082452] cloud-init[942]: |       o=B*B+.   |
[   22.084232] cloud-init[942]: +----[SHA256]-----+
[   22.085942] cloud-init[942]: Generating public/private ed25519 key pair.
[   22.088097] cloud-init[942]: Your identification has been saved in /etc/ssh/ssh_host_ed25519_key.
[   22.091032] cloud-init[942]: Your public key has been saved in /etc/ssh/ssh_host_ed25519_key.pub.
[   22.094113] cloud-init[942]: The key fingerprint is:
[   22.096234] cloud-init[942]: SHA256:dtEULaRACFfh/x1RiGKKlkbDxL4lCw+TeFT2XUCzC3s root@ubuntu-xenial
         Starting LXD - unix socket.
[   22.101427] [[0;32m  OK  [0m] Listening on D-Bus System Message Bus Socket.
[[0;32m  OK  [0m] Started Message of the Day.
cloud-init[942]: The key's randomart image is:
[   22.112517] [[0;32m  OK  [0m] Started Daily Cleanup of Temporary Directories.
         Starting Socket activation for snappy daemon.
cloud-init[942]: +--[ED25519 256]--+
[   22.128405] [cloud-init[0;32m  OK  [0m[942]: ] |    .*=+=o+o=+ ..|Started Daily apt download activities.

[   22.150009] [[0;32m  OK  [0m] Started Daily apt upgrade and clean activities.
[[0;32m  OK  [0m] Listening on ACPID Listen Socket.
[[0;32m  OK  [0m] Reached target Timers.
[[0;32m  OK  [0m] Listening on UUID daemon activation socket.
cloud-init[942]: |    .o*o ooBo o. |
[   22.159482] cloud-init[942]: |   o + ++o=....  |
[   22.162224] cloud-init[942]: |  . * B o+ o   . |
[   22.164904] cloud-init[942]: |   . B =S E   .  |
[   22.172529] [[0;32m  OK  [0m] Started ACPI Events Check.
[[0;32m  OK  [0mcloud-init] [942]: Reached target Paths.|      +. o . . . |

[   22.178102] [[0;32m  OK  [0m] Reached target Network is Online.
cloud-init[942]: |            . .  |
[   22.182557] cloud-init[942]: |                 |
[   22.185677] cloud-init[942]: |                 |
[   22.188016] cloud-init[942]: +----[SHA256]-----+
         Starting iSCSI initiator daemon (iscsid)...
[[0;32m  OK  [0m] Listening on LXD - unix socket.
[[0;32m  OK  [0m] Listening on Socket activation for snappy daemon.
[[0;32m  OK  [0m] Reached target Sockets.
[[0;32m  OK  [0m] Reached target Basic System.
         Starting Login Service...
         Starting LSB: MD monitoring daemon...
         Starting Virtualbox guest utils...
         Starting System Logging Service...
         Starting LXD - container startup/shutdown...
         Starting Pollinate to seed the pseudo random number generator...
         Starting Snappy daemon...
[[0;32m  OK  [0m] Started Regular background program processing daemon.
         Starting /etc/rc.local Compatibility...
         Starting Accounts Service...
[[0;32m  OK  [0m] Started Deferred execution scheduler.
[[0;32m  OK  [0m] Started FUSE filesystem for LXC.
         Starting LSB: Record successful boot for GRUB...
[[0;32m  OK  [0m] Started D-Bus System Message Bus.
[[0;32m  OK  [0m] Started ACPI event daemon.
[[0;32m  OK  [0m] Started System Logging Service.
[[0;32m  OK  [0m] Started /etc/rc.local Compatibility.
[[0;32m  OK  [0m] Started Login Service.
[[0;32m  OK  [0m] Started Unattended Upgrades Shutdown.
[[0;32m  OK  [0m] Started iSCSI initiator daemon (iscsid).
         Starting Login to default iSCSI targets...
[[0;32m  OK  [0m] Started LSB: Record successful boot for GRUB.
[[0;32m  OK  [0m] Started LSB: MD monitoring daemon.
         Starting Authenticate and Authorize Users to Run Privileged Tasks...
[[0;32m  OK  [0m] Started Login to default iSCSI targets.
[[0;32m  OK  [0m] Reached target Remote File Systems (Pre).
[[0;32m  OK  [0m] Reached target Remote File Systems.
         Starting Permit User Sessions...
         Starting LSB: Set the CPU Frequency Scaling governor to "ondemand"...
         Starting LSB: daemon to balance interrupts for SMP systems...
         Starting LSB: automatic crash report generation...
[[0;32m  OK  [0m] Started LSB: Set the CPU Frequency Scaling governor to "ondemand".
[[0;32m  OK  [0m] Started Permit User Sessions.
         Starting Terminate Plymouth Boot Screen...
         Starting Hold until boot process finishes up...
[[0;32m  OK  [0m] Started Terminate Plymouth Boot Screen.
[[0;32m  OK  [0m] Started Hold until boot process finishes up.
         Starting Set console scheme...
[[0;32m  OK  [0m] Started Serial Getty on ttyS0.
[[0;32m  OK  [0m] Started Getty on tty1.
[[0;32m  OK  [0m] Reached target Login Prompts.
[[0;32m  OK  [0m] Started LSB: automatic crash report generation.
[[0;32m  OK  [0m] Started Set console scheme.
[[0;32m  OK  [0m] Started LSB: daemon to balance interrupts for SMP systems.
[[0;32m  OK  [0m] Started Virtualbox guest utils.
[[0;32m  OK  [0m] Started Authenticate and Authorize Users to Run Privileged Tasks.
[[0;32m  OK  [0m] Started Accounts Service.
[[0;32m  OK  [0m] Started LXD - container startup/shutdown.
[[0;32m  OK  [0m] Started Snappy daemon.
         Starting Wait until snapd is fully seeded...
[[0;32m  OK  [0m] Started Pollinate to seed the pseudo random number generator.
         Starting OpenBSD Secure Shell server...
[[0;32m  OK  [0m] Started OpenBSD Secure Shell server.
[[0;32m  OK  [0m] Created slice User Slice of vagrant.
         Starting User Manager for UID 1000...
[[0;32m  OK  [0m] Started Session 1 of user vagrant.

Ubuntu 16.04.6 LTS ubuntu-xenial ttyS0

ubuntu-xenial login: [   44.949869] cloud-init[1364]: Generating locales (this might take a while)...
[   48.389076] cloud-init[1364]:   en_US.UTF-8... done
[   48.390396] cloud-init[1364]: Generation complete.
[   54.202279] cloud-init[1364]: Cloud-init v. 19.4-33-gbb4131a2-0ubuntu1~16.04.1 running 'modules:config' at Sat, 02 May 2020 16:03:19 +0000. Up 40.62 seconds.
ci-info: no authorized SSH keys fingerprints found for user ubuntu.
<14>May  2 16:03:36 ec2: 
<14>May  2 16:03:36 ec2: #############################################################
<14>May  2 16:03:36 ec2: -----BEGIN SSH HOST KEY FINGERPRINTS-----
<14>May  2 16:03:36 ec2: 1024 SHA256:w64kryOvpF7Uwtv4gq/SgbGdNfOTo85ZMOJoPuqpnWo root@ubuntu-xenial (DSA)
<14>May  2 16:03:36 ec2: 256 SHA256:rPnslj8vbrYDpZbvJPvtNHSfUBa/vDSpXiQVmz5bagQ root@ubuntu-xenial (ECDSA)
<14>May  2 16:03:36 ec2: 256 SHA256:dtEULaRACFfh/x1RiGKKlkbDxL4lCw+TeFT2XUCzC3s root@ubuntu-xenial (ED25519)
<14>May  2 16:03:36 ec2: 2048 SHA256:2+4HVSfN79gtpvurczf9ROgfqDqDim9ajVAJE/ddqcM root@ubuntu-xenial (RSA)
<14>May  2 16:03:36 ec2: -----END SSH HOST KEY FINGERPRINTS-----
<14>May  2 16:03:36 ec2: #############################################################
-----BEGIN SSH HOST KEY KEYS-----
ecdsa-sha2-nistp256 AAAAE2VjZHNhLXNoYTItbmlzdHAyNTYAAAAIbmlzdHAyNTYAAABBBKLJIvXuTfplneRIHpD2kKFbXGjYdA5tP2pBsKoQ5OuzpI+/LwMTUeTTP39u8ou0gz4pJKsHvNaVKQzcHRIZ/0c= root@ubuntu-xenial
ssh-ed25519 AAAAC3NzaC1lZDI1NTE5AAAAIBjBNRvX/yNFncZEHbGVvyWoLacMdgyPnRDNaWaJKr8i root@ubuntu-xenial
ssh-rsa AAAAB3NzaC1yc2EAAAADAQABAAABAQCzzPEsvlCszSJ4rZ1e2KAXd5ihNH24D3OuayoXbjD0z0I5So6Yt4YuqW6j0BsdHH3N3RpyHe8y02D5jqgBS91sUOIjQvPDIkPig8WfhAtHu9zwugtC62a2buHgLk2SuAHCDnmA7W8rEdCUa3gq7nGVSg3CM+SjTv7SIzjSTASjNEGeeuKlEVjEH8ikfr1AIlIlXd5fyFQuu5F+uMuo720jx8BBV4yAVEANVcm2GKLUORnnSqUugn5hhv0NSU5Zn/IyvSLNZLBjZsgybCK8WxFIjRITE05TtgW3qDzgrX8GjltVmnBHLmUfcNe/A4ZeH1nr5hHahyuFWMpQuu6m0uML root@ubuntu-xenial
-----END SSH HOST KEY KEYS-----
[   57.546696] cloud-init[1628]: Cloud-init v. 19.4-33-gbb4131a2-0ubuntu1~16.04.1 running 'modules:final' at Sat, 02 May 2020 16:03:35 +0000. Up 56.94 seconds.
[   57.550803] cloud-init[1628]: ci-info: no authorized SSH keys fingerprints found for user ubuntu.
[   57.553793] cloud-init[1628]: Cloud-init v. 19.4-33-gbb4131a2-0ubuntu1~16.04.1 finished at Sat, 02 May 2020 16:03:36 +0000. Datasource DataSourceNoCloud [seed=/dev/sdb][dsmode=net].  Up 57.53 seconds
